---
source: kura-parser/src/expression.rs
expression: variables_ast
---
Var {
    mutable: true,
    name: "hello",
    ty: None,
    value: BinaryOp {
        operator: Plus,
        lhs: IntLiteral {
            value: Unsigned(
                1,
            ),
            size: None,
            location: Location {
                start_byte: 12,
                end_byte: 13,
            },
        },
        rhs: BinaryOp {
            operator: Star,
            lhs: IntLiteral {
                value: Unsigned(
                    2,
                ),
                size: None,
                location: Location {
                    start_byte: 16,
                    end_byte: 17,
                },
            },
            rhs: IntLiteral {
                value: Unsigned(
                    3,
                ),
                size: None,
                location: Location {
                    start_byte: 20,
                    end_byte: 21,
                },
            },
            location: Location {
                start_byte: 16,
                end_byte: 21,
            },
        },
        location: Location {
            start_byte: 12,
            end_byte: 21,
        },
    },
    location: Location {
        start_byte: 0,
        end_byte: 21,
    },
}
