---
source: lexer/src/lib.rs
expression: calculate_circumference_function
---
[
    Token {
        kind: Fun,
        location: Location {
            start_byte: 0,
            end_byte: 3,
        },
    },
    Token {
        kind: Value(
            Ident(
                "calculate_circumference",
            ),
        ),
        location: Location {
            start_byte: 4,
            end_byte: 27,
        },
    },
    Token {
        kind: Op(
            LeftParen,
        ),
        location: Location {
            start_byte: 27,
            end_byte: 28,
        },
    },
    Token {
        kind: Value(
            Ident(
                "diameter",
            ),
        ),
        location: Location {
            start_byte: 28,
            end_byte: 36,
        },
    },
    Token {
        kind: Op(
            Colon,
        ),
        location: Location {
            start_byte: 36,
            end_byte: 37,
        },
    },
    Token {
        kind: Value(
            Ident(
                "f64",
            ),
        ),
        location: Location {
            start_byte: 38,
            end_byte: 41,
        },
    },
    Token {
        kind: Op(
            RightParen,
        ),
        location: Location {
            start_byte: 41,
            end_byte: 42,
        },
    },
    Token {
        kind: Op(
            ThickArrow,
        ),
        location: Location {
            start_byte: 43,
            end_byte: 45,
        },
    },
    Token {
        kind: Value(
            Ident(
                "f64",
            ),
        ),
        location: Location {
            start_byte: 46,
            end_byte: 49,
        },
    },
    Token {
        kind: Op(
            LeftBrace,
        ),
        location: Location {
            start_byte: 50,
            end_byte: 51,
        },
    },
    Token {
        kind: Const,
        location: Location {
            start_byte: 55,
            end_byte: 60,
        },
    },
    Token {
        kind: Value(
            Ident(
                "pi",
            ),
        ),
        location: Location {
            start_byte: 61,
            end_byte: 63,
        },
    },
    Token {
        kind: Op(
            Equal,
        ),
        location: Location {
            start_byte: 64,
            end_byte: 65,
        },
    },
    Token {
        kind: Value(
            Primitive(
                Float {
                    value: 3.141592653589793,
                    size: Some(
                        F32,
                    ),
                },
            ),
        ),
        location: Location {
            start_byte: 66,
            end_byte: 107,
        },
    },
    Token {
        kind: Op(
            SemiColon,
        ),
        location: Location {
            start_byte: 107,
            end_byte: 108,
        },
    },
    Token {
        kind: Const,
        location: Location {
            start_byte: 112,
            end_byte: 117,
        },
    },
    Token {
        kind: Value(
            Ident(
                "radius",
            ),
        ),
        location: Location {
            start_byte: 118,
            end_byte: 124,
        },
    },
    Token {
        kind: Op(
            Equal,
        ),
        location: Location {
            start_byte: 125,
            end_byte: 126,
        },
    },
    Token {
        kind: Value(
            Ident(
                "diameter",
            ),
        ),
        location: Location {
            start_byte: 127,
            end_byte: 135,
        },
    },
    Token {
        kind: Op(
            Slash,
        ),
        location: Location {
            start_byte: 136,
            end_byte: 137,
        },
    },
    Token {
        kind: Value(
            Primitive(
                Float {
                    value: 2.0,
                    size: None,
                },
            ),
        ),
        location: Location {
            start_byte: 138,
            end_byte: 141,
        },
    },
    Token {
        kind: Op(
            SemiColon,
        ),
        location: Location {
            start_byte: 141,
            end_byte: 142,
        },
    },
    Token {
        kind: Const,
        location: Location {
            start_byte: 146,
            end_byte: 151,
        },
    },
    Token {
        kind: Value(
            Ident(
                "circumference",
            ),
        ),
        location: Location {
            start_byte: 152,
            end_byte: 165,
        },
    },
    Token {
        kind: Op(
            Equal,
        ),
        location: Location {
            start_byte: 166,
            end_byte: 167,
        },
    },
    Token {
        kind: Value(
            Primitive(
                Float {
                    value: 2.0,
                    size: None,
                },
            ),
        ),
        location: Location {
            start_byte: 168,
            end_byte: 171,
        },
    },
    Token {
        kind: Op(
            Star,
        ),
        location: Location {
            start_byte: 172,
            end_byte: 173,
        },
    },
    Token {
        kind: Value(
            Ident(
                "pi",
            ),
        ),
        location: Location {
            start_byte: 174,
            end_byte: 176,
        },
    },
    Token {
        kind: Op(
            Star,
        ),
        location: Location {
            start_byte: 177,
            end_byte: 178,
        },
    },
    Token {
        kind: Value(
            Ident(
                "radius",
            ),
        ),
        location: Location {
            start_byte: 179,
            end_byte: 185,
        },
    },
    Token {
        kind: Op(
            SemiColon,
        ),
        location: Location {
            start_byte: 185,
            end_byte: 186,
        },
    },
    Token {
        kind: Return,
        location: Location {
            start_byte: 191,
            end_byte: 197,
        },
    },
    Token {
        kind: Value(
            Ident(
                "circumference",
            ),
        ),
        location: Location {
            start_byte: 198,
            end_byte: 211,
        },
    },
    Token {
        kind: Op(
            SemiColon,
        ),
        location: Location {
            start_byte: 211,
            end_byte: 212,
        },
    },
    Token {
        kind: Op(
            RightBrace,
        ),
        location: Location {
            start_byte: 213,
            end_byte: 214,
        },
    },
]
