---
source: lexer/src/lib.rs
expression: numerals
---
[
    Float {
        value: 12346.6789,
        size: None,
    },
    Integer {
        value: 1234567890,
        size: None,
    },
    Float {
        value: 98765.4321,
        size: None,
    },
    Float {
        value: 98765.4321,
        size: None,
    },
    Integer {
        value: 9876543210,
        size: None,
    },
    Integer {
        value: 9876543210,
        size: None,
    },
    Float {
        value: -98765.4321,
        size: None,
    },
    Float {
        value: -12346.6789,
        size: None,
    },
    Float {
        value: -12346.6789,
        size: None,
    },
    SignedInteger {
        value: -1234567890,
        size: None,
    },
    SignedInteger {
        value: -9876543210,
        size: None,
    },
    SignedInteger {
        value: -9876543210,
        size: None,
    },
    SignedInteger {
        value: -9876,
        size: None,
    },
    SignedInteger {
        value: -5,
        size: None,
    },
    SignedInteger {
        value: -43210,
        size: None,
    },
    SignedInteger {
        value: -123456789,
        size: Some(
            SignedInt(
                I32,
            ),
        ),
    },
    Integer {
        value: 123456789,
        size: Some(
            UnsignedInt(
                Usize,
            ),
        ),
    },
    Float {
        value: 123.456789,
        size: Some(
            Float(
                F64,
            ),
        ),
    },
    Float {
        value: 123.456789,
        size: Some(
            Float(
                F64,
            ),
        ),
    },
    SignedInteger {
        value: -12,
        size: Some(
            Float(
                F8,
            ),
        ),
    },
    Float {
        value: 3.141592653589793,
        size: Some(
            Float(
                F32,
            ),
        ),
    },
    Float {
        value: 3.141592653,
        size: Some(
            Float(
                F32,
            ),
        ),
    },
    SemiColon,
]
