---
source: kura-lexer/src/lib.rs
expression: builtin_identifiers
---
[
    Token {
        kind: Var,
        location: Location {
            start_byte: 0,
            end_byte: 3,
        },
    },
    Token {
        kind: Const,
        location: Location {
            start_byte: 4,
            end_byte: 9,
        },
    },
    Token {
        kind: If,
        location: Location {
            start_byte: 10,
            end_byte: 12,
        },
    },
    Token {
        kind: Else,
        location: Location {
            start_byte: 13,
            end_byte: 17,
        },
    },
    Token {
        kind: Fun,
        location: Location {
            start_byte: 18,
            end_byte: 21,
        },
    },
    Token {
        kind: Struct,
        location: Location {
            start_byte: 22,
            end_byte: 28,
        },
    },
    Token {
        kind: Return,
        location: Location {
            start_byte: 29,
            end_byte: 35,
        },
    },
]
