---
source: parser/src/lib.rs
expression: result
---
[
    Var {
        name: "var_name",
        value: BinaryOp {
            operator: Sub,
            lhs: BinaryOp {
                operator: Add,
                lhs: UintLiteral {
                    value: 1,
                    size: None,
                    location: Location {
                        start_byte: 15,
                        end_byte: 16,
                    },
                },
                rhs: BinaryOp {
                    operator: Mul,
                    lhs: UintLiteral {
                        value: 2,
                        size: None,
                        location: Location {
                            start_byte: 19,
                            end_byte: 20,
                        },
                    },
                    rhs: UintLiteral {
                        value: 3,
                        size: None,
                        location: Location {
                            start_byte: 23,
                            end_byte: 24,
                        },
                    },
                    location: Location {
                        start_byte: 19,
                        end_byte: 24,
                    },
                },
                location: Location {
                    start_byte: 15,
                    end_byte: 24,
                },
            },
            rhs: UintLiteral {
                value: 4,
                size: None,
                location: Location {
                    start_byte: 27,
                    end_byte: 28,
                },
            },
            location: Location {
                start_byte: 15,
                end_byte: 28,
            },
        },
        location: Location {
            start_byte: 15,
            end_byte: 28,
        },
    },
    Var {
        name: "another_name",
        value: FloatLiteral {
            value: 123.4,
            size: None,
            location: Location {
                start_byte: 49,
                end_byte: 54,
            },
        },
        location: Location {
            start_byte: 49,
            end_byte: 54,
        },
    },
    Const {
        name: "const_name",
        value: BinaryOp {
            operator: Add,
            lhs: FloatLiteral {
                value: 1.23,
                size: None,
                location: Location {
                    start_byte: 75,
                    end_byte: 79,
                },
            },
            rhs: BinaryOp {
                operator: Mul,
                lhs: FloatLiteral {
                    value: 4.56,
                    size: None,
                    location: Location {
                        start_byte: 82,
                        end_byte: 86,
                    },
                },
                rhs: FloatLiteral {
                    value: 7.89,
                    size: None,
                    location: Location {
                        start_byte: 89,
                        end_byte: 93,
                    },
                },
                location: Location {
                    start_byte: 82,
                    end_byte: 93,
                },
            },
            location: Location {
                start_byte: 75,
                end_byte: 93,
            },
        },
        location: Location {
            start_byte: 75,
            end_byte: 93,
        },
    },
    If {
        condition: BinaryOp {
            operator: EqualEqual,
            lhs: BinaryOp {
                operator: Or,
                lhs: BinaryOp {
                    operator: EqualEqual,
                    lhs: Ident {
                        name: "const_name",
                        location: Location {
                            start_byte: 99,
                            end_byte: 109,
                        },
                    },
                    rhs: Ident {
                        name: "another_name",
                        location: Location {
                            start_byte: 113,
                            end_byte: 125,
                        },
                    },
                    location: Location {
                        start_byte: 99,
                        end_byte: 125,
                    },
                },
                rhs: Ident {
                    name: "var_name",
                    location: Location {
                        start_byte: 129,
                        end_byte: 137,
                    },
                },
                location: Location {
                    start_byte: 99,
                    end_byte: 137,
                },
            },
            rhs: Ident {
                name: "const_name",
                location: Location {
                    start_byte: 141,
                    end_byte: 151,
                },
            },
            location: Location {
                start_byte: 99,
                end_byte: 151,
            },
        },
        location: Location {
            start_byte: 95,
            end_byte: 151,
        },
        body: [
            Const {
                name: "my_new_const",
                value: FloatLiteral {
                    value: 123.0,
                    size: None,
                    location: Location {
                        start_byte: 179,
                        end_byte: 184,
                    },
                },
                location: Location {
                    start_byte: 179,
                    end_byte: 184,
                },
            },
            If {
                condition: BinaryOp {
                    operator: EqualEqual,
                    lhs: Ident {
                        name: "my_new_const",
                        location: Location {
                            start_byte: 193,
                            end_byte: 205,
                        },
                    },
                    rhs: Ident {
                        name: "another_name",
                        location: Location {
                            start_byte: 209,
                            end_byte: 221,
                        },
                    },
                    location: Location {
                        start_byte: 193,
                        end_byte: 221,
                    },
                },
                location: Location {
                    start_byte: 189,
                    end_byte: 221,
                },
                body: [
                    Const {
                        name: "yet_another",
                        value: FloatLiteral {
                            value: 123.0,
                            size: None,
                            location: Location {
                                start_byte: 252,
                                end_byte: 257,
                            },
                        },
                        location: Location {
                            start_byte: 252,
                            end_byte: 257,
                        },
                    },
                ],
            },
        ],
    },
]
