---
source: lexer/src/lib.rs
expression: builtin_identifiers
---
[
    Token {
        kind: Var,
        location: Location {
            start_byte: 0,
            end_byte: 3,
        },
    },
    Token {
        kind: Const,
        location: Location {
            start_byte: 4,
            end_byte: 9,
        },
    },
    Token {
        kind: Match,
        location: Location {
            start_byte: 10,
            end_byte: 15,
        },
    },
    Token {
        kind: If,
        location: Location {
            start_byte: 16,
            end_byte: 18,
        },
    },
    Token {
        kind: Else,
        location: Location {
            start_byte: 19,
            end_byte: 23,
        },
    },
    Token {
        kind: Fun,
        location: Location {
            start_byte: 24,
            end_byte: 27,
        },
    },
    Token {
        kind: Struct,
        location: Location {
            start_byte: 28,
            end_byte: 34,
        },
    },
    Token {
        kind: Enum,
        location: Location {
            start_byte: 35,
            end_byte: 39,
        },
    },
    Token {
        kind: Return,
        location: Location {
            start_byte: 40,
            end_byte: 46,
        },
    },
]
